=== Memory Archive 2026-02-26 19:00 CST ===
--- G workspace ---
--- 啾啾 workspace ---
=== Done ===
=== Memory Archive 2026-02-27 19:00 CST ===
--- G workspace ---
--- 啾啾 workspace ---
=== Done ===
=== Memory Archive 2026-02-28 19:00 CST ===
--- G workspace ---
--- 啾啾 workspace ---
=== Done ===
=== Memory Archive 2026-03-01 19:00 CST ===
--- G workspace ---
--- 啾啾 workspace ---
=== Done ===
=== Memory Archive 2026-03-02 19:00 CST ===
--- G workspace ---
--- 啾啾 workspace ---
Archived: /root/.openclaw/workspace/memory/2026-02-22.md → /root/.openclaw/workspace/archive/2026-02-22.md
=== Done ===
=== Memory Archive 2026-03-03 19:00 CST ===
--- G workspace ---
--- 啾啾 workspace ---
Archived: /root/.openclaw/workspace/memory/2026-02-23.md → /root/.openclaw/workspace/archive/2026-02-23.md
=== Done ===
=== Memory Archive 2026-03-04 19:00 CST ===
--- G workspace ---
Archived: /root/.openclaw/workspace-g/memory/2026-02-24.md → /root/.openclaw/workspace-g/archive/2026-02-24.md
--- 啾啾 workspace ---
Archived: /root/.openclaw/workspace/memory/2026-02-24.md → /root/.openclaw/workspace/archive/2026-02-24.md
=== Done ===
=== Memory Archive 2026-03-05 19:00 CST ===
--- G workspace ---
Archived: /root/.openclaw/workspace-g/memory/2026-02-25.md → /root/.openclaw/workspace-g/archive/2026-02-25.md
--- 啾啾 workspace ---
Archived: /root/.openclaw/workspace/memory/2026-02-25.md → /root/.openclaw/workspace/archive/2026-02-25.md
=== Done ===
=== Memory Archive 2026-03-06 19:00 CST ===
--- G workspace ---
Archived: /root/.openclaw/workspace-g/memory/2026-02-26.md → /root/.openclaw/workspace-g/archive/2026-02-26.md
--- 啾啾 workspace ---
Archived: /root/.openclaw/workspace/memory/2026-02-26.md → /root/.openclaw/workspace/archive/2026-02-26.md
=== Done ===
=== Memory Archive 2026-03-07 19:00 CST ===
--- G workspace ---
Archived: /root/.openclaw/workspace-g/memory/2026-02-27.md → /root/.openclaw/workspace-g/archive/2026-02-27.md
--- 啾啾 workspace ---
Archived: /root/.openclaw/workspace/memory/2026-02-27.md → /root/.openclaw/workspace/archive/2026-02-27.md
=== Done ===
=== Memory Archive 2026-03-08 19:00 CST ===
--- G workspace ---
Archived: /root/.openclaw/workspace-g/memory/2026-02-28.md → /root/.openclaw/workspace-g/archive/2026-02-28.md
--- 啾啾 workspace ---
Archived: /root/.openclaw/workspace/memory/2026-02-28.md → /root/.openclaw/workspace/archive/2026-02-28.md
=== Done ===
=== Memory Archive 2026-03-09 19:00 CST ===
--- G workspace ---
Archived: /root/.openclaw/workspace-g/memory/2026-03-01.md → /root/.openclaw/workspace-g/archive/2026-03-01.md
--- 啾啾 workspace ---
Archived: /root/.openclaw/workspace/memory/2026-03-01.md → /root/.openclaw/workspace/archive/2026-03-01.md
=== Done ===
=== Memory Archive 2026-03-10 19:00 CST ===
--- G workspace ---
--- 啾啾 workspace ---
=== Done ===
=== Memory Archive 2026-03-11 19:00 CST ===
--- G workspace ---
--- 啾啾 workspace ---
Archived: /root/.openclaw/workspace/memory/2026-03-03.md → /root/.openclaw/workspace/archive/2026-03-03.md
=== Done ===
=== Memory Archive 2026-03-12 19:00 CST ===
--- G workspace ---
Archived: /root/.openclaw/workspace-g/memory/2026-03-04.md → /root/.openclaw/workspace-g/archive/2026-03-04.md
--- 啾啾 workspace ---
Archived: /root/.openclaw/workspace/memory/2026-03-04.md → /root/.openclaw/workspace/archive/2026-03-04.md
=== Done ===
=== Memory Archive 2026-03-13 19:00 CST ===
--- G workspace ---
Archived: /root/.openclaw/workspace-g/memory/2026-03-05.md → /root/.openclaw/workspace-g/archive/2026-03-05.md
--- 啾啾 workspace ---
Archived: /root/.openclaw/workspace/memory/2026-03-05.md → /root/.openclaw/workspace/archive/2026-03-05.md
=== Done ===
